================================================================================
Timestamp: 2026-05-22T17:41:32
Reason: Failed parse, returned default
Raw Output:
{
  "response_text": "No worries, SQL joins can be tricky at first! Let's start

